
[1m[46m RUN [49m[22m [36mv4.0.18 [39m[90mD:/Work/WebPortal[39m

 [31mΓ¥»[39m src/tests/SchoolDetailsRefinement.test.tsx [2m([22m[2m3 tests[22m[2m | [22m[31m2 failed[39m[2m)[22m[33m 2768[2mms[22m[39m
[31m     [31m├ù[31m renders University view without academic calendar and with departments[39m[33m 1084[2mms[22m[39m
[31m     [31m├ù[31m renders K-12 view with Medium field[39m[33m 1017[2mms[22m[39m
     [33m[2mΓ£ô[22m[39m renders Google Maps link correctly [33m 664[2mms[22m[39m
node.exe : 
At C:\Program 
Files\nodejs\npx.ps1:29 char:3
+   & $NODE_EXE $NPX_CLI_JS 
$args
+   
~~~~~~~~~~~~~~~~~~~~~~~~~~~~~
    + CategoryInfo          :  
   NotSpecified: (:String) []  
  , RemoteException
    + FullyQualifiedErrorId :  
   NativeCommandError
 
[31mΓÄ»ΓÄ»ΓÄ»ΓÄ»ΓÄ»ΓÄ»ΓÄ»[39m
[1m[41m Failed Tests 2 [49m
[22m[31mΓÄ»ΓÄ»ΓÄ»ΓÄ»ΓÄ»ΓÄ»ΓÄ»
[39m

[41m[1m FAIL [22m[49m src/t
ests/SchoolDetailsRefinement.te
st.tsx[2m > [22mSchool 
Details Refinements[2m > 
[22mrenders University view 
without academic calendar and 
with departments
[31m[1mTestingLibraryElementE
rror[22m[39m: Found multiple 
elements with the text: 
/Lahore University of 
Management/i

Here are the matching elements:

Ignored nodes: comments, 
script, style
[36m<span[39m
  [33mclass[39m=[32m"text-sl
ate-900 font-medium"[39m
[36m>[39m
  [0mLahore University of 
Management 2[0m
[36m</span>[39m

Ignored nodes: comments, 
script, style
[36m<h1[39m
  
[33mclass[39m=[32m"text-3xl 
font-bold text-slate-900"[39m
[36m>[39m
  [0mLahore University of 
Management 2[0m
[36m</h1>[39m

(If this is intentional, then 
use the `*AllBy*` variant of 
the query (like 
`queryAllByText`, 
`getAllByText`, or 
`findAllByText`)).

Ignored nodes: comments, 
script, style
[36m<body>[39m
  [36m<div>[39m
    [36m<div[39m
      [33mclass[39m=[32m"spa
ce-y-6 pb-10"[39m
    [36m>[39m
      [36m<div[39m
        
[33mclass[39m=[32m"flex 
flex-col gap-4"[39m
      [36m>[39m
        [36m<div[39m
          
[33mclass[39m=[32m"flex 
items-center text-sm 
text-slate-500 gap-2"[39m
        [36m>[39m
          [36m<button[39m
            [33mclass[39m=[3
2m"hover:text-slate-900"[39m
          [36m>[39m
            [0mHome[0m
          [36m</button>[39m
          [36m<span>[39m
            [0m/[0m
          [36m</span>[39m
          [36m<button[39m
            [33mclass[39m=[3
2m"hover:text-slate-900"[39m
          [36m>[39m
            [0mSchools[0m
          [36m</button>[39m
          [36m<span>[39m
            [0m/[0m
          [36m</span>[39m
          [36m<span[39m
            [33mclass[39m=[3
2m"text-slate-900 
font-medium"[39m
          [36m>[39m
            [0mLahore 
University of Management 2[0m
          [36m</span>[39m
        [36m</div>[39m
        [36m<div[39m
          
[33mclass[39m=[32m"flex 
flex-col md:flex-row 
md:items-start justify-between 
gap-4"[39m
        [36m>[39m
          [36m<div>[39m
            [36m<div[39m
              
[33mclass[39m=[32m"flex 
items-center gap-3"[39m
            [36m>[39m
              [36m<h1[39m
                
[33mclass[39m=[32m"text-3xl 
font-bold text-slate-900"[39m
              [36m>[39m
                [0mLahore 
University of Management 2[0m
              [36m</h1>[39m
              [36m<span[39m
                
[33mclass[39m=[32m"px-2 
py-1 rounded-md bg-slate-100 
text-slate-600 text-xs 
font-mono font-medium"[39m
              [36m>[39m
                
[0mSCH-1002[0m
              [36m</span>[39m
            [36m</div>[39m
            [36m<div[39m
              
[33mclass[39m=[32m"mt-2 
flex items-center gap-2"[39m
            [36m>[39m
              [36m<span[39m
                
[33mclass[39m=[32m"px-2.5 
py-0.5 rounded-full text-xs 
font-medium border bg-green-50 
text-green-700 
border-green-200"[39m
              [36m>[39m
                [0mActive[0m
              [36m</span>[39m
              [36m<span[39m
                [33mclass[39m
=[32m"text-slate-400 
text-sm"[39m
              [36m>[39m
                [0mΓÇó[0m
              [36m</span>[39m
              [36m<span[39m
                [33mclass[39m
=[32m"text-slate-600 text-sm 
font-medium"[39m
              [36m>[39m
                
[0mPost-Graduation[0m
              [36m</span>[39m
            [36m</div>[39m
          [36m</div>[39m
          [36m<div[39m
            
[33mclass[39m=[32m"flex 
items-center gap-2"[39m
          [36m>[39m
            [36m<button[39m
              
[33mclass[39m=[32m"flex 
items-center gap-2 px-4 py-2 
bg-white border 
border-slate-200 rounded-lg 
text-sm font-medium 
text-slate-700 
hover:bg-slate-50 
transition-colors"[39m
            [36m>[39m
              [36m<svg[39m
                [33maria-hidde
n[39m=[32m"true"[39m
                
[33mclass[39m=[32m"lucide 
lucide-user-plus w-4 h-4"[39m
                
[33mfill[39m=[32m"none"[39m
                
[33mheight[39m=[32m"24"[39m
                [33mstroke[39
m=[32m"currentColor"[39m
                [33mstroke-lin
ecap[39m=[32m"round"[39m
                [33mstroke-lin
ejoin[39m=[32m"round"[39m
                [33mstroke-wid
th[39m=[32m"2"[39m
                
[33mviewBox[39m=[32m"0 0 24 
24"[39m
                
[33mwidth[39m=[32m"24"[39m
                [33mxmlns[39m
=[32m"http://www.w3.org/2000/s
vg"[39m
              [36m>[39m
                [36m<path[39m
                  
[33md[39m=[32m"M16 21v-2a4 
4 0 0 0-4-4H6a4 4 0 0 0-4 
4v2"[39m
                [36m/>[39m
                
[36m<circle[39m
                  
[33mcx[39m=[32m"9"[39m
                  
[33mcy[39m=[32m"7"[39m
                  
[33mr[39m=[32m"4"[39m
                [36m/>[39m
                [36m<line[39m
                  
[33mx1[39m=[32m"19"[39m
                  
[33mx2[39m=[32m"19"[39m
                  
[33my1[39m=[32m"8"[39m
                  
[33my2[39m=[32m"14"[39m
                [36m/>[39m
                [36m<line[39m
                  
[33mx1[39m=[32m"22"[39m
                  
[33mx2[39m=[32m"16"[39m
                  
[33my1[39m=[32m"11"[39m
                  
[33my2[39m=[32m"11"[39m
                [36m/>[39m
              [36m</svg>[39m
              [0mReplace 
Principal[0m
            [36m</button>[39m
            [36m<button[39m
              
[33mclass[39m=[32m"flex 
items-center gap-2 px-4 py-2 
bg-blue-600 rounded-lg text-sm 
font-medium text-white 
hover:bg-blue-700 
transition-colors"[39m
            [36m>[39m
              [36m<svg[39m
                [33maria-hidde
n[39m=[32m"true"[39m
                
[33mclass[39m=[32m"lucide 
lucide-square-pen w-4 h-4"[39m
                
[33mfill[39m=[32m"none"[39m
                
[33mheight[39m=[32m"24"[39m
                [33mstroke[39
m=[32m"currentColor"[39m
                [33mstroke-lin
ecap[39m=[32m"round"[39m
                [33mstroke-lin
ejoin[39m=[32m"round"[39m
                [33mstroke-wid
th[39m=[32m"2"[39m
                
[33mviewBox[39m=[32m"0 0 24 
24"[39m
                
[33mwidth[39m=[32m"24"[39m
                [33mxmlns[39m
=[32m"http://www.w3.org/2000/s
vg"[39m
              [36m>[39m
                [36m<path[39m
                  
[33md[39m=[32m"M12 3H5a2 2 
0 0 0-2 2v14a2 2 0 0 0 2 
2h14a2 2 0 0 0 2-2v-7"[39m
                [36m/>[39m
                [36m<path[39m
                  
[33md[39m=[32m"M18.375 
2.625a1 1 0 0 1 3 3l-9.013 
9.014a2 2 0 0 
1-.853.505l-2.873.84a.5.5 0 0 
1-.62-.62l.84-2.873a2 2 0 0 1 
.506-.852z"[39m
                [36m/>[39m
              [36m</svg>[39m
              [0mEdit 
School[0m
            [36m</button>[39m
            [36m<button[39m
              
[33mclass[39m=[32m"p-2 
text-slate-400 
hover:text-slate-600 border 
rounded-lg 
hover:bg-slate-50"[39m
              
[33mtitle[39m=[32m"Download 
Report"[39m
            [36m>[39m
              [36m<svg[39m
                [33maria-hidde
n[39m=[32m"true"[39m
                
[33mclass[39m=[32m"lucide 
lucide-download w-5 h-5"[39m
                
[33mfill[39m=[32m"none"[39m
                
[33mheight[39m=[32m"24"[39m
                [33mstroke[39
m=[32m"currentColor"[39m
                [33mstroke-lin
ecap[39m=[32m"round"[39m
                [33mstroke-lin
ejoin[39m=[32m"round"[39m
                [33mstroke-wid
th[39m=[32m"2"[39m
                
[33mviewBox[39m=[32m"0 0 24 
24"[39m
                
[33mwidth[39m=[32m"24"[39m
                [33mxmlns[39m
=[32m"http://www.w3.org/2000/s
vg"[39m
              [36m>[39m
                [36m<path[39m
                  [33md[3...

Ignored nodes: comments, 
script, style
[36m<html>[39m
  [36m<head />[39m
  [36m<body>[39m
    [36m<div>[39m
      [36m<div[39m
        [33mclass[39m=[32m"s
pace-y-6 pb-10"[39m
      [36m>[39m
        [36m<div[39m
          
[33mclass[39m=[32m"flex 
flex-col gap-4"[39m
        [36m>[39m
          [36m<div[39m
            
[33mclass[39m=[32m"flex 
items-center text-sm 
text-slate-500 gap-2"[39m
          [36m>[39m
            [36m<button[39m
              [33mclass[39m=
[32m"hover:text-slate-900"[39m
            [36m>[39m
              [0mHome[0m
            [36m</button>[39m
            [36m<span>[39m
              [0m/[0m
            [36m</span>[39m
            [36m<button[39m
              [33mclass[39m=
[32m"hover:text-slate-900"[39m
            [36m>[39m
              [0mSchools[0m
            [36m</button>[39m
            [36m<span>[39m
              [0m/[0m
            [36m</span>[39m
            [36m<span[39m
              [33mclass[39m=
[32m"text-slate-900 
font-medium"[39m
            [36m>[39m
              [0mLahore 
University of Management 2[0m
            [36m</span>[39m
          [36m</div>[39m
          [36m<div[39m
            
[33mclass[39m=[32m"flex 
flex-col md:flex-row 
md:items-start justify-between 
gap-4"[39m
          [36m>[39m
            [36m<div>[39m
              [36m<div[39m
                
[33mclass[39m=[32m"flex 
items-center gap-3"[39m
              [36m>[39m
                [36m<h1[39m
                  
[33mclass[39m=[32m"text-3xl 
font-bold text-slate-900"[39m
                [36m>[39m
                  [0mLahore 
University of Management 2[0m
                [36m</h1>[39m
                [36m<span[39m
                  
[33mclass[39m=[32m"px-2 
py-1 rounded-md bg-slate-100 
text-slate-600 text-xs 
font-mono font-medium"[39m
                [36m>[39m
                  
[0mSCH-1002[0m
                
[36m</span>[39m
              [36m</div>[39m
              [36m<div[39m
                
[33mclass[39m=[32m"mt-2 
flex items-center gap-2"[39m
              [36m>[39m
                [36m<span[39m
                  
[33mclass[39m=[32m"px-2.5 
py-0.5 rounded-full text-xs 
font-medium border bg-green-50 
text-green-700 
border-green-200"[39m
                [36m>[39m
                  
[0mActive[0m
                
[36m</span>[39m
                [36m<span[39m
                  [33mclass[3
9m=[32m"text-slate-400 
text-sm"[39m
                [36m>[39m
                  [0mΓÇó[0m
                
[36m</span>[39m
                [36m<span[39m
                  [33mclass[3
9m=[32m"text-slate-600 
text-sm font-medium"[39m
                [36m>[39m
                  
[0mPost-Graduation[0m
                
[36m</span>[39m
              [36m</div>[39m
            [36m</div>[39m
            [36m<div[39m
              
[33mclass[39m=[32m"flex 
items-center gap-2"[39m
            [36m>[39m
              [36m<button[39m
                
[33mclass[39m=[32m"flex 
items-center gap-2 px-4 py-2 
bg-white border 
border-slate-200 rounded-lg 
text-sm font-medium 
text-slate-700 
hover:bg-slate-50 
transition-colors"[39m
              [36m>[39m
                [36m<svg[39m
                  [33maria-hid
den[39m=[32m"true"[39m
                  
[33mclass[39m=[32m"lucide 
lucide-user-plus w-4 h-4"[39m
                  
[33mfill[39m=[32m"none"[39m
                  
[33mheight[39m=[32m"24"[39m
                  [33mstroke[
39m=[32m"currentColor"[39m
                  [33mstroke-l
inecap[39m=[32m"round"[39m
                  [33mstroke-l
inejoin[39m=[32m"round"[39m
                  [33mstroke-w
idth[39m=[32m"2"[39m
                  
[33mviewBox[39m=[32m"0 0 24 
24"[39m
                  
[33mwidth[39m=[32m"24"[39m
                  [33mxmlns[3
9m=[32m"http://www.w3.org/2000
/svg"[39m
                [36m>[39m
                  
[36m<path[39m
                    
[33md[39m=[32m"M16 21v-2a4 
4 0 0 0-4-4H6a4 4 0 0 0-4 
4v2"[39m
                  [36m/>[39m
                  
[36m<circle[39m
                    
[33mcx[39m=[32m"9"[39m
                    
[33mcy[39m=[32m"7"[39m
                    
[33mr[39m=[32m"4"[39m
                  [36m/>[39m
                  
[36m<line[39m
                    
[33mx1[39m=[32m"19"[39m
                    
[33mx2[39m=[32m"19"[39m
                    
[33my1[39m=[32m"8"[39m
                    
[33my2[39m=[32m"14"[39m
                  [36m/>[39m
                  
[36m<line[39m
                    
[33mx1[39m=[32m"22"[39m
                    
[33mx2[39m=[32m"16"[39m
                    
[33my1[39m=[32m"11"[39m
                    
[33my2[39m=[32m"11"[39m
                  [36m/>[39m
                
[36m</svg>[39m
                [0mReplace 
Principal[0m
              
[36m</button>[39m
              [36m<button[39m
                
[33mclass[39m=[32m"flex 
items-center gap-2 px-4 py-2 
bg-blue-600 rounded-lg text-sm 
font-medium text-white 
hover:bg-blue-700 
transition-colors"[39m
              [36m>[39m
                [36m<svg[39m
                  [33maria-hid
den[39m=[32m"true"[39m
                  
[33mclass[39m=[32m"lucide 
lucide-square-pen w-4 h-4"[39m
                  
[33mfill[39m=[32m"none"[39m
                  
[33mheight[39m=[32m"24"[39m
                  [33mstroke[
39m=[32m"currentColor"[39m
                  [33mstroke-l
inecap[39m=[32m"round"[39m
                  [33mstroke-l
inejoin[39m=[32m"round"[39m
                  [33mstroke-w
idth[39m=[32m"2"[39m
                  
[33mviewBox[39m=[32m"0 0 24 
24"[39m
                  
[33mwidth[39m=[32m"24"[39m
                  [33mxmlns[3
9m=[32m"http://www.w3.org/2000
/svg"[39m
                [36m>[39m
                  
[36m<path[39m
                    
[33md[39m=[32m"M12 3H5a2 2 
0 0 0-2 2v14a2 2 0 0 0 2 
2h14a2 2 0 0 0 2-2v-7"[39m
                  [36m/>[39m
                  
[36m<path[39m
                    
[33md[39m=[32m"M18.375 
2.625a1 1 0 0 1 3 3l-9.013 
9.014a2 2 0 0 
1-.853.505l-2.873.84a.5.5 0 0 
1-.62-.62l.84-2.873a2 2 0 0 1 
.506-.852z"[39m
                  [36m/>[39m
                
[36m</svg>[39m
                [0mEdit 
School[0m
              
[36m</button>[39m
              [36m<button[39m
                
[33mclass[39m=[32m"p-2 
text-slate-400 
hover:text-slate-600 border 
rounded-lg 
hover:bg-slate-50"[39m
                
[33mtitle[39m=[32m"Download 
Report"[39m
              [36m>[39m
                [36m<svg[39m
                  [33maria-hid
den[39m=[32m"true"[39m
                  
[33mclass[39m=[32m"lucide 
lucide-download w-5 h-5"[39m
                  
[33mfill[39m=[32m"none"[39m
                  
[33mheight[39m=[32m"24"[39m
                  [33mstroke[
39m=[32m"currentColor"[39m
                  [33mstroke-l
inecap[39m=[32m"round"[39m
                  
[33mstroke-linejo...
[90m [2mΓ¥»[22m 
Proxy.waitForWrapper node_modul
es/@testing-library/dom/dist/wa
it-for.js:[2m163:27[22m[39m
[36m [2mΓ¥»[22m src/tests/Sc
hoolDetailsRefinement.test.tsx:
[2m43:15[22m[39m
    [90m 41| [39m        [34
mrenderWithRouter[39m([32m'SC
H-1002'[39m)[33m;[39m
    [90m 42| [39m
    [90m 43| [39m        
[35mawait[39m 
[34mwaitFor[39m(() 
[33m=>[39m {
    [90m   | [39m            
  [31m^[39m
    [90m 44| [39m            
expect(screen.getByText(/Lahore
 University of Management/iΓÇª
    [90m 45| [39m        
})[33m;[39m

[31m[2mΓÄ»ΓÄ»ΓÄ»ΓÄ»ΓÄ»ΓÄ»ΓÄ»Γ
Ä»ΓÄ»ΓÄ»ΓÄ»ΓÄ»ΓÄ»ΓÄ»ΓÄ»ΓÄ»ΓÄ»ΓÄ
»ΓÄ»ΓÄ»ΓÄ»ΓÄ»ΓÄ»ΓÄ»[1/2]ΓÄ»[22
m[39m

[41m[1m FAIL [22m[49m src/t
ests/SchoolDetailsRefinement.te
st.tsx[2m > [22mSchool 
Details Refinements[2m > 
[22mrenders K-12 view with 
Medium field
[31m[1mTestingLibraryElementE
rror[22m[39m: Found multiple 
elements with the text: 
/Government High School 
Lahore/i

Here are the matching elements:

Ignored nodes: comments, 
script, style
[36m<span[39m
  [33mclass[39m=[32m"text-sl
ate-900 font-medium"[39m
[36m>[39m
  [0mGovernment High School 
Lahore 0[0m
[36m</span>[39m

Ignored nodes: comments, 
script, style
[36m<h1[39m
  
[33mclass[39m=[32m"text-3xl 
font-bold text-slate-900"[39m
[36m>[39m
  [0mGovernment High School 
Lahore 0[0m
[36m</h1>[39m

(If this is intentional, then 
use the `*AllBy*` variant of 
the query (like 
`queryAllByText`, 
`getAllByText`, or 
`findAllByText`)).

Ignored nodes: comments, 
script, style
[36m<body>[39m
  [36m<div>[39m
    [36m<div[39m
      [33mclass[39m=[32m"spa
ce-y-6 pb-10"[39m
    [36m>[39m
      [36m<div[39m
        
[33mclass[39m=[32m"flex 
flex-col gap-4"[39m
      [36m>[39m
        [36m<div[39m
          
[33mclass[39m=[32m"flex 
items-center text-sm 
text-slate-500 gap-2"[39m
        [36m>[39m
          [36m<button[39m
            [33mclass[39m=[3
2m"hover:text-slate-900"[39m
          [36m>[39m
            [0mHome[0m
          [36m</button>[39m
          [36m<span>[39m
            [0m/[0m
          [36m</span>[39m
          [36m<button[39m
            [33mclass[39m=[3
2m"hover:text-slate-900"[39m
          [36m>[39m
            [0mSchools[0m
          [36m</button>[39m
          [36m<span>[39m
            [0m/[0m
          [36m</span>[39m
          [36m<span[39m
            [33mclass[39m=[3
2m"text-slate-900 
font-medium"[39m
          [36m>[39m
            [0mGovernment 
High School Lahore 0[0m
          [36m</span>[39m
        [36m</div>[39m
        [36m<div[39m
          
[33mclass[39m=[32m"flex 
flex-col md:flex-row 
md:items-start justify-between 
gap-4"[39m
        [36m>[39m
          [36m<div>[39m
            [36m<div[39m
              
[33mclass[39m=[32m"flex 
items-center gap-3"[39m
            [36m>[39m
              [36m<h1[39m
                
[33mclass[39m=[32m"text-3xl 
font-bold text-slate-900"[39m
              [36m>[39m
                [0mGovernment 
High School Lahore 0[0m
              [36m</h1>[39m
              [36m<span[39m
                
[33mclass[39m=[32m"px-2 
py-1 rounded-md bg-slate-100 
text-slate-600 text-xs 
font-mono font-medium"[39m
              [36m>[39m
                
[0mSCH-1000[0m
              [36m</span>[39m
            [36m</div>[39m
            [36m<div[39m
              
[33mclass[39m=[32m"mt-2 
flex items-center gap-2"[39m
            [36m>[39m
              [36m<span[39m
                
[33mclass[39m=[32m"px-2.5 
py-0.5 rounded-full text-xs 
font-medium border bg-green-50 
text-green-700 
border-green-200"[39m
              [36m>[39m
                [0mActive[0m
              [36m</span>[39m
              [36m<span[39m
                [33mclass[39m
=[32m"text-slate-400 
text-sm"[39m
              [36m>[39m
                [0mΓÇó[0m
              [36m</span>[39m
              [36m<span[39m
                [33mclass[39m
=[32m"text-slate-600 text-sm 
font-medium"[39m
              [36m>[39m
                [0mK-12 
Education[0m
              [36m</span>[39m
            [36m</div>[39m
          [36m</div>[39m
          [36m<div[39m
            
[33mclass[39m=[32m"flex 
items-center gap-2"[39m
          [36m>[39m
            [36m<button[39m
              
[33mclass[39m=[32m"flex 
items-center gap-2 px-4 py-2 
bg-white border 
border-slate-200 rounded-lg 
text-sm font-medium 
text-slate-700 
hover:bg-slate-50 
transition-colors"[39m
            [36m>[39m
              [36m<svg[39m
                [33maria-hidde
n[39m=[32m"true"[39m
                
[33mclass[39m=[32m"lucide 
lucide-user-plus w-4 h-4"[39m
                
[33mfill[39m=[32m"none"[39m
                
[33mheight[39m=[32m"24"[39m
                [33mstroke[39
m=[32m"currentColor"[39m
                [33mstroke-lin
ecap[39m=[32m"round"[39m
                [33mstroke-lin
ejoin[39m=[32m"round"[39m
                [33mstroke-wid
th[39m=[32m"2"[39m
                
[33mviewBox[39m=[32m"0 0 24 
24"[39m
                
[33mwidth[39m=[32m"24"[39m
                [33mxmlns[39m
=[32m"http://www.w3.org/2000/s
vg"[39m
              [36m>[39m
                [36m<path[39m
                  
[33md[39m=[32m"M16 21v-2a4 
4 0 0 0-4-4H6a4 4 0 0 0-4 
4v2"[39m
                [36m/>[39m
                
[36m<circle[39m
                  
[33mcx[39m=[32m"9"[39m
                  
[33mcy[39m=[32m"7"[39m
                  
[33mr[39m=[32m"4"[39m
                [36m/>[39m
                [36m<line[39m
                  
[33mx1[39m=[32m"19"[39m
                  
[33mx2[39m=[32m"19"[39m
                  
[33my1[39m=[32m"8"[39m
                  
[33my2[39m=[32m"14"[39m
                [36m/>[39m
                [36m<line[39m
                  
[33mx1[39m=[32m"22"[39m
                  
[33mx2[39m=[32m"16"[39m
                  
[33my1[39m=[32m"11"[39m
                  
[33my2[39m=[32m"11"[39m
                [36m/>[39m
              [36m</svg>[39m
              [0mReplace 
Principal[0m
            [36m</button>[39m
            [36m<button[39m
              
[33mclass[39m=[32m"flex 
items-center gap-2 px-4 py-2 
bg-blue-600 rounded-lg text-sm 
font-medium text-white 
hover:bg-blue-700 
transition-colors"[39m
            [36m>[39m
              [36m<svg[39m
                [33maria-hidde
n[39m=[32m"true"[39m
                
[33mclass[39m=[32m"lucide 
lucide-square-pen w-4 h-4"[39m
                
[33mfill[39m=[32m"none"[39m
                
[33mheight[39m=[32m"24"[39m
                [33mstroke[39
m=[32m"currentColor"[39m
                [33mstroke-lin
ecap[39m=[32m"round"[39m
                [33mstroke-lin
ejoin[39m=[32m"round"[39m
                [33mstroke-wid
th[39m=[32m"2"[39m
                
[33mviewBox[39m=[32m"0 0 24 
24"[39m
                
[33mwidth[39m=[32m"24"[39m
                [33mxmlns[39m
=[32m"http://www.w3.org/2000/s
vg"[39m
              [36m>[39m
                [36m<path[39m
                  
[33md[39m=[32m"M12 3H5a2 2 
0 0 0-2 2v14a2 2 0 0 0 2 
2h14a2 2 0 0 0 2-2v-7"[39m
                [36m/>[39m
                [36m<path[39m
                  
[33md[39m=[32m"M18.375 
2.625a1 1 0 0 1 3 3l-9.013 
9.014a2 2 0 0 
1-.853.505l-2.873.84a.5.5 0 0 
1-.62-.62l.84-2.873a2 2 0 0 1 
.506-.852z"[39m
                [36m/>[39m
              [36m</svg>[39m
              [0mEdit 
School[0m
            [36m</button>[39m
            [36m<button[39m
              
[33mclass[39m=[32m"p-2 
text-slate-400 
hover:text-slate-600 border 
rounded-lg 
hover:bg-slate-50"[39m
              
[33mtitle[39m=[32m"Download 
Report"[39m
            [36m>[39m
              [36m<svg[39m
                [33maria-hidde
n[39m=[32m"true"[39m
                
[33mclass[39m=[32m"lucide 
lucide-download w-5 h-5"[39m
                
[33mfill[39m=[32m"none"[39m
                
[33mheight[39m=[32m"24"[39m
                [33mstroke[39
m=[32m"currentColor"[39m
                [33mstroke-lin
ecap[39m=[32m"round"[39m
                [33mstroke-lin
ejoin[39m=[32m"round"[39m
                [33mstroke-wid
th[39m=[32m"2"[39m
                
[33mviewBox[39m=[32m"0 0 24 
24"[39m
                
[33mwidth[39m=[32m"24"[39m
                [33mxmlns[39m
=[32m"http://www.w3.org/2000/s
vg"[39m
              [36m>[39m
                [36m<path[39m
                  
[33md[39m=[...

Ignored nodes: comments, 
script, style
[36m<html>[39m
  [36m<head />[39m
  [36m<body>[39m
    [36m<div>[39m
      [36m<div[39m
        [33mclass[39m=[32m"s
pace-y-6 pb-10"[39m
      [36m>[39m
        [36m<div[39m
          
[33mclass[39m=[32m"flex 
flex-col gap-4"[39m
        [36m>[39m
          [36m<div[39m
            
[33mclass[39m=[32m"flex 
items-center text-sm 
text-slate-500 gap-2"[39m
          [36m>[39m
            [36m<button[39m
              [33mclass[39m=
[32m"hover:text-slate-900"[39m
            [36m>[39m
              [0mHome[0m
            [36m</button>[39m
            [36m<span>[39m
              [0m/[0m
            [36m</span>[39m
            [36m<button[39m
              [33mclass[39m=
[32m"hover:text-slate-900"[39m
            [36m>[39m
              [0mSchools[0m
            [36m</button>[39m
            [36m<span>[39m
              [0m/[0m
            [36m</span>[39m
            [36m<span[39m
              [33mclass[39m=
[32m"text-slate-900 
font-medium"[39m
            [36m>[39m
              [0mGovernment 
High School Lahore 0[0m
            [36m</span>[39m
          [36m</div>[39m
          [36m<div[39m
            
[33mclass[39m=[32m"flex 
flex-col md:flex-row 
md:items-start justify-between 
gap-4"[39m
          [36m>[39m
            [36m<div>[39m
              [36m<div[39m
                
[33mclass[39m=[32m"flex 
items-center gap-3"[39m
              [36m>[39m
                [36m<h1[39m
                  
[33mclass[39m=[32m"text-3xl 
font-bold text-slate-900"[39m
                [36m>[39m
                  
[0mGovernment High School 
Lahore 0[0m
                [36m</h1>[39m
                [36m<span[39m
                  
[33mclass[39m=[32m"px-2 
py-1 rounded-md bg-slate-100 
text-slate-600 text-xs 
font-mono font-medium"[39m
                [36m>[39m
                  
[0mSCH-1000[0m
                
[36m</span>[39m
              [36m</div>[39m
              [36m<div[39m
                
[33mclass[39m=[32m"mt-2 
flex items-center gap-2"[39m
              [36m>[39m
                [36m<span[39m
                  
[33mclass[39m=[32m"px-2.5 
py-0.5 rounded-full text-xs 
font-medium border bg-green-50 
text-green-700 
border-green-200"[39m
                [36m>[39m
                  
[0mActive[0m
                
[36m</span>[39m
                [36m<span[39m
                  [33mclass[3
9m=[32m"text-slate-400 
text-sm"[39m
                [36m>[39m
                  [0mΓÇó[0m
                
[36m</span>[39m
                [36m<span[39m
                  [33mclass[3
9m=[32m"text-slate-600 
text-sm font-medium"[39m
                [36m>[39m

[2m Test Files [22m [1m[31m1 failed[39m[22m[90m (1)[39m
[2m      Tests [22m [1m[31m2 failed[39m[22m[2m | [22m[1m[32m1 passed[39m[22m[90m (3)[39m
[2m   Start at [22m 17:35:31
[2m   Duration [22m 6.04s[2m (transform 379ms, setup 421ms, import 580ms, tests 2.77s, environment 1.88s)[22m

                  [0mK-12 
Education[0m
                
[36m</span>[39m
              [36m</div>[39m
            [36m</div>[39m
            [36m<div[39m
              
[33mclass[39m=[32m"flex 
items-center gap-2"[39m
            [36m>[39m
              [36m<button[39m
                
[33mclass[39m=[32m"flex 
items-center gap-2 px-4 py-2 
bg-white border 
border-slate-200 rounded-lg 
text-sm font-medium 
text-slate-700 
hover:bg-slate-50 
transition-colors"[39m
              [36m>[39m
                [36m<svg[39m
                  [33maria-hid
den[39m=[32m"true"[39m
                  
[33mclass[39m=[32m"lucide 
lucide-user-plus w-4 h-4"[39m
                  
[33mfill[39m=[32m"none"[39m
                  
[33mheight[39m=[32m"24"[39m
                  [33mstroke[
39m=[32m"currentColor"[39m
                  [33mstroke-l
inecap[39m=[32m"round"[39m
                  [33mstroke-l
inejoin[39m=[32m"round"[39m
                  [33mstroke-w
idth[39m=[32m"2"[39m
                  
[33mviewBox[39m=[32m"0 0 24 
24"[39m
                  
[33mwidth[39m=[32m"24"[39m
                  [33mxmlns[3
9m=[32m"http://www.w3.org/2000
/svg"[39m
                [36m>[39m
                  
[36m<path[39m
                    
[33md[39m=[32m"M16 21v-2a4 
4 0 0 0-4-4H6a4 4 0 0 0-4 
4v2"[39m
                  [36m/>[39m
                  
[36m<circle[39m
                    
[33mcx[39m=[32m"9"[39m
                    
[33mcy[39m=[32m"7"[39m
                    
[33mr[39m=[32m"4"[39m
                  [36m/>[39m
                  
[36m<line[39m
                    
[33mx1[39m=[32m"19"[39m
                    
[33mx2[39m=[32m"19"[39m
                    
[33my1[39m=[32m"8"[39m
                    
[33my2[39m=[32m"14"[39m
                  [36m/>[39m
                  
[36m<line[39m
                    
[33mx1[39m=[32m"22"[39m
                    
[33mx2[39m=[32m"16"[39m
                    
[33my1[39m=[32m"11"[39m
                    
[33my2[39m=[32m"11"[39m
                  [36m/>[39m
                
[36m</svg>[39m
                [0mReplace 
Principal[0m
              
[36m</button>[39m
              [36m<button[39m
                
[33mclass[39m=[32m"flex 
items-center gap-2 px-4 py-2 
bg-blue-600 rounded-lg text-sm 
font-medium text-white 
hover:bg-blue-700 
transition-colors"[39m
              [36m>[39m
                [36m<svg[39m
                  [33maria-hid
den[39m=[32m"true"[39m
                  
[33mclass[39m=[32m"lucide 
lucide-square-pen w-4 h-4"[39m
                  
[33mfill[39m=[32m"none"[39m
                  
[33mheight[39m=[32m"24"[39m
                  [33mstroke[
39m=[32m"currentColor"[39m
                  [33mstroke-l
inecap[39m=[32m"round"[39m
                  [33mstroke-l
inejoin[39m=[32m"round"[39m
                  [33mstroke-w
idth[39m=[32m"2"[39m
                  
[33mviewBox[39m=[32m"0 0 24 
24"[39m
                  
[33mwidth[39m=[32m"24"[39m
                  [33mxmlns[3
9m=[32m"http://www.w3.org/2000
/svg"[39m
                [36m>[39m
                  
[36m<path[39m
                    
[33md[39m=[32m"M12 3H5a2 2 
0 0 0-2 2v14a2 2 0 0 0 2 
2h14a2 2 0 0 0 2-2v-7"[39m
                  [36m/>[39m
                  
[36m<path[39m
                    
[33md[39m=[32m"M18.375 
2.625a1 1 0 0 1 3 3l-9.013 
9.014a2 2 0 0 
1-.853.505l-2.873.84a.5.5 0 0 
1-.62-.62l.84-2.873a2 2 0 0 1 
.506-.852z"[39m
                  [36m/>[39m
                
[36m</svg>[39m
                [0mEdit 
School[0m
              
[36m</button>[39m
              [36m<button[39m
                
[33mclass[39m=[32m"p-2 
text-slate-400 
hover:text-slate-600 border 
rounded-lg 
hover:bg-slate-50"[39m
                
[33mtitle[39m=[32m"Download 
Report"[39m
              [36m>[39m
                [36m<svg[39m
                  [33maria-hid
den[39m=[32m"true"[39m
                  
[33mclass[39m=[32m"lucide 
lucide-download w-5 h-5"[39m
                  
[33mfill[39m=[32m"none"[39m
                  
[33mheight[39m=[32m"24"[39m
                  [33mstroke[
39m=[32m"currentColor"[39m
                  [33mstroke-l
inecap[39m=[32m"round"[39m
                  
[33mstroke-linejoin[3...
[90m [2mΓ¥»[22m 
Proxy.waitForWrapper node_modul
es/@testing-library/dom/dist/wa
it-for.js:[2m163:27[22m[39m
[36m [2mΓ¥»[22m src/tests/Sc
hoolDetailsRefinement.test.tsx:
[2m83:15[22m[39m
    [90m 81| [39m        [34
mrenderWithRouter[39m([32m'SC
H-1000'[39m)[33m;[39m
    [90m 82| [39m
    [90m 83| [39m        
[35mawait[39m 
[34mwaitFor[39m(() 
[33m=>[39m {
    [90m   | [39m            
  [31m^[39m
    [90m 84| [39m            
expect(screen.getByText(/Govern
ment High School Lahore/i))ΓÇª
    [90m 85| [39m        
})[33m;[39m

[31m[2mΓÄ»ΓÄ»ΓÄ»ΓÄ»ΓÄ»ΓÄ»ΓÄ»Γ
Ä»ΓÄ»ΓÄ»ΓÄ»ΓÄ»ΓÄ»ΓÄ»ΓÄ»ΓÄ»ΓÄ»ΓÄ
»ΓÄ»ΓÄ»ΓÄ»ΓÄ»ΓÄ»ΓÄ»[2/2]ΓÄ»[22
m[39m

